git add .
git commit -m "msg"
git push -u origin main


history:


PS C:\Users\erica\Downloads\Joshwa\REACT\PYTHON> git commit -m "Added newly coded files"
[master 3948ac3] Added newly coded files
 14 files changed, 282 insertions(+), 1 deletion(-)
 create mode 100644 ANGLE.PY
 create mode 100644 arr.py
 create mode 100644 captal.py
 create mode 100644 dict.py
 create mode 100644 grades.py
 create mode 100644 grtnextlesser.py
 create mode 100644 list.py
 create mode 100644 listcom.py
 create mode 100644 listops.py
 create mode 100644 swap.py
 create mode 100644 timeconversion.py
 create mode 100644 tringle.py
 create mode 100644 wordsplititrt.py
PS C:\Users\erica\Downloads\Joshwa\REACT\PYTHON> git add .
PS C:\Users\erica\Downloads\Joshwa\REACT\PYTHON> git commit -m "Added newly coded files"
On branch master
Your branch is ahead of 'origin/master' by 1 commit.
  (use "git push" to publish your local commits)

nothing to commit, working tree clean
PS C:\Users\erica\Downloads\Joshwa\REACT\PYTHON> git push -u origin main  
error: src refspec main does not match any
error: failed to push some refs to 'https://github.com/Joshwa034/Python-.git'
PS C:\Users\erica\Downloads\Joshwa\REACT\PYTHON> git push -u origin master
Enumerating objects: 18, done.
Counting objects: 100% (18/18), done.
Delta compression using up to 12 threads
Compressing objects: 100% (16/16), done.
Writing objects: 100% (16/16), 3.37 KiB | 1.13 MiB/s, done.
Total 16 (delta 1), reused 0 (delta 0), pack-reused 0
remote: Resolving deltas: 100% (1/1), done.
To https://github.com/Joshwa034/Python-.git
   b6d05b7..3948ac3  master -> master
branch 'master' set up to track 'origin/master'.
PS C:\Users\erica\Downloads\Joshwa\REACT\PYTHON> git checkout main
error: pathspec 'main' did not match any file(s) known to git
PS C:\Users\erica\Downloads\Joshwa\REACT\PYTHON> git branch       
* master
PS C:\Users\erica\Downloads\Joshwa\REACT\PYTHON> git branch main
PS C:\Users\erica\Downloads\Joshwa\REACT\PYTHON> git checkout main
Switched to branch 'main'
PS C:\Users\erica\Downloads\Joshwa\REACT\PYTHON> git push origin main
To https://github.com/Joshwa034/Python-.git
 ! [rejected]        main -> main (fetch first)
error: failed to push some refs to 'https://github.com/Joshwa034/Python-.git'
hint: Updates were rejected because the remote contains work that you do not
hint: have locally. This is usually caused by another repository pushing to
hint: the same ref. If you want to integrate the remote changes, use
hint: 'git pull' before pushing again.
hint: See the 'Note about fast-forwards' in 'git push --help' for details.
PS C:\Users\erica\Downloads\Joshwa\REACT\PYTHON> git fetch origin main
remote: Enumerating objects: 18, done.
remote: Counting objects: 100% (18/18), done.
remote: Compressing objects: 100% (13/13), done.
remote: Total 18 (delta 1), reused 14 (delta 0), pack-reused 0
Unpacking objects: 100% (18/18), 1.93 KiB | 41.00 KiB/s, done.
From https://github.com/Joshwa034/Python-
 * branch            main       -> FETCH_HEAD
 * [new branch]      main       -> origin/main
PS C:\Users\erica\Downloads\Joshwa\REACT\PYTHON> 
PS C:\Users\erica\Downloads\Joshwa\REACT\PYTHON> git merge origin/main
fatal: refusing to merge unrelated histories
PS C:\Users\erica\Downloads\Joshwa\REACT\PYTHON> git merge origin/main --allow-unrelated-histories
Merge made by the 'ort' strategy.
 README.md   | 1 +
 index.html  | 4 ++++
 joshwa.html | 5 +++++
 3 files changed, 10 insertions(+)
 create mode 100644 README.md
 create mode 100644 index.html
 create mode 100644 joshwa.html
PS C:\Users\erica\Downloads\Joshwa\REACT\PYTHON> git commit -m "Merge remote changes into main"   
On branch main
Untracked files:
  (use "git add <file>..." to include in what will be committed)
        git.txt

nothing added to commit but untracked files present (use "git add" to track)
PS C:\Users\erica\Downloads\Joshwa\REACT\PYTHON> git add .
PS C:\Users\erica\Downloads\Joshwa\REACT\PYTHON> git status
On branch main
Changes to be committed:
  (use "git restore --staged <file>..." to unstage)
        new file:   git.txt

PS C:\Users\erica\Downloads\Joshwa\REACT\PYTHON> git commit -m "added newly coded files"       
[main 18cbf01] added newly coded files
 1 file changed, 0 insertions(+), 0 deletions(-)
 create mode 100644 git.txt
PS C:\Users\erica\Downloads\Joshwa\REACT\PYTHON> git push origin main
Enumerating objects: 7, done.
Counting objects: 100% (7/7), done.
Delta compression using up to 12 threads
Compressing objects: 100% (4/4), done.
Writing objects: 100% (5/5), 618 bytes | 618.00 KiB/s, done.
Total 5 (delta 2), reused 0 (delta 0), pack-reused 0
remote: Resolving deltas: 100% (2/2), completed with 1 local object.
To https://github.com/Joshwa034/Python-.git
   7737190..18cbf01  main -> main
PS C:\Users\erica\Downloads\Joshwa\REACT\PYTHON> 